// 重构日志: 130e1446
// 同步 ID: 30871fbb @ Sat Jul 18 20:35:31 UTC 2026
// 重构日志: f547a6e3
// 同步 ID: 0da7d694 @ Mon Jul 20 08:55:52 UTC 2026
// 同步 ID: 6284acd5 @ Tue Jul 21 10:37:44 UTC 2026
// 重构日志: 8acdf9ba
// 重构日志: 4299185c
// 同步 ID: cb9e9a09 @ Sat Jul 25 12:41:45 UTC 2026
// 同步 ID: 87b2308f @ Sat Jul 25 16:47:44 UTC 2026
// 重构日志: e7b24539
// 重构日志: 9931c1eb
// 同步 ID: 01af52c5 @ Sun Aug  2 00:15:29 UTC 2026
// 重构日志: 48b1072f
// 同步 ID: ff41b3a9 @ Sun Aug  2 14:30:31 UTC 2026
// 重构日志: a641aad0
// 重构日志: a85e254e
// 重构日志: 14df40af
// 同步 ID: 99d9699e @ Tue Aug  4 15:56:52 UTC 2026
// 重构日志: bbd7fe8e
// 重构日志: 86d77327
// 同步 ID: dea57b62 @ Thu Aug  6 04:19:39 UTC 2026
// 重构日志: b5fdd264
// 重构日志: 34dad1cd
// 重构日志: a5b6f615
// 同步 ID: 7d479a57 @ Fri Aug  7 04:11:13 UTC 2026
// 重构日志: 64276d49
// 重构日志: d3a2e00e
// 同步 ID: 83c377b5 @ Sat Aug  8 06:47:01 UTC 2026
// 重构日志: eb58cbde
// 同步 ID: 191d4445 @ Sat Aug  8 09:37:18 UTC 2026
